{"timestamp":"2026-04-16T14:05:29.454Z","level":"INFO","event":"mail_init_verifying","host":"smtp-relay.brevo.com","port":587,"secure":false,"user":"a852aa001@smtp-brevo.com"}
{"timestamp":"2026-04-16T14:05:29.900Z","level":"INFO","event":"mail_init_verified","host":"smtp-relay.brevo.com","port":587,"secure":false,"user":"a852aa001@smtp-brevo.com"}
{"timestamp":"2026-04-16T14:05:57.535Z","level":"INFO","event":"mail_send_attempt","host":"smtp-relay.brevo.com","port":587,"secure":false,"to":"Pravin Raja","cc":null,"subject":"Order Placed Successfully"}
{"timestamp":"2026-04-16T14:05:57.978Z","level":"ERROR","event":"mail_send_failed","host":"smtp-relay.brevo.com","port":587,"secure":false,"to":"Pravin Raja","cc":null,"subject":"Order Placed Successfully","error":"No recipients defined"}
{"timestamp":"2026-04-16T14:10:14.250Z","level":"INFO","event":"mail_init_verifying","host":"smtp-relay.brevo.com","port":587,"secure":false,"user":"a852aa001@smtp-brevo.com"}
{"timestamp":"2026-04-16T14:10:14.741Z","level":"INFO","event":"mail_init_verified","host":"smtp-relay.brevo.com","port":587,"secure":false,"user":"a852aa001@smtp-brevo.com"}
{"timestamp":"2026-04-16T14:10:21.794Z","level":"INFO","event":"mail_send_attempt","host":"smtp-relay.brevo.com","port":587,"secure":false,"to":"venkatpravin24@gmail.com","cc":null,"subject":"Order Placed Successfully"}
{"timestamp":"2026-04-16T14:10:22.335Z","level":"INFO","event":"mail_send_success","host":"smtp-relay.brevo.com","port":587,"secure":false,"to":"venkatpravin24@gmail.com","cc":null,"subject":"Order Placed Successfully","messageId":"<1b24bb78-a31d-0366-1e95-31e91c41eb96@smtp-brevo.com>","response":"250 2.0.0 OK: queued as <1b24bb78-a31d-0366-1e95-31e91c41eb96@smtp-brevo.com>","accepted":["venkatpravin24@gmail.com"],"rejected":[]}
{"timestamp":"2026-04-21T06:49:01.626Z","level":"INFO","event":"mail_init_verifying","host":"smtp-relay.brevo.com","port":587,"secure":false,"user":"a852aa001@smtp-brevo.com"}
{"timestamp":"2026-04-21T06:49:02.500Z","level":"ERROR","event":"mail_init_failed","host":"smtp-relay.brevo.com","port":587,"secure":false,"user":"a852aa001@smtp-brevo.com","error":"Invalid login: 535-5.7.8 Username and Password not accepted. For more information, go to\n535 5.7.8  https://support.google.com/mail/?p=BadCredentials d9443c01a7336-2b5faa494e1sm119943185ad.35 - gsmtp"}
{"timestamp":"2026-04-21T06:49:32.602Z","level":"INFO","event":"mail_init_verifying","host":"smtp-relay.brevo.com","port":587,"secure":false,"user":"a852aa001@smtp-brevo.com"}
{"timestamp":"2026-04-21T06:49:33.482Z","level":"ERROR","event":"mail_init_failed","host":"smtp-relay.brevo.com","port":587,"secure":false,"user":"a852aa001@smtp-brevo.com","error":"Invalid login: 535-5.7.8 Username and Password not accepted. For more information, go to\n535 5.7.8  https://support.google.com/mail/?p=BadCredentials d9443c01a7336-2b5faa4f092sm124995215ad.36 - gsmtp"}
{"timestamp":"2026-04-21T06:50:42.384Z","level":"INFO","event":"mail_init_verifying","host":"smtp-relay.brevo.com","port":587,"secure":false,"user":"a852aa001@smtp-brevo.com"}
{"timestamp":"2026-04-21T06:50:42.812Z","level":"INFO","event":"mail_init_verified","host":"smtp-relay.brevo.com","port":587,"secure":false,"user":"a852aa001@smtp-brevo.com"}
{"timestamp":"2026-04-21T06:51:01.475Z","level":"INFO","event":"mail_send_attempt","host":"smtp-relay.brevo.com","port":587,"secure":false,"to":"venkatpravin24@gmail.com","cc":null,"subject":"OTP Verification Code"}
{"timestamp":"2026-04-21T06:51:02.086Z","level":"INFO","event":"mail_send_success","host":"smtp-relay.brevo.com","port":587,"secure":false,"to":"venkatpravin24@gmail.com","cc":null,"subject":"OTP Verification Code","messageId":"<48e2667e-cba7-a59d-4eca-879be0d0fb0d@smtp-brevo.com>","response":"250 2.0.0 OK: queued as <48e2667e-cba7-a59d-4eca-879be0d0fb0d@smtp-brevo.com>","accepted":["venkatpravin24@gmail.com"],"rejected":[]}
{"timestamp":"2026-04-21T06:53:59.976Z","level":"INFO","event":"mail_init_verifying","host":"smtp.gmail.com","port":465,"secure":true,"user":"teqitcontact@gmail.com"}
{"timestamp":"2026-04-21T06:54:01.125Z","level":"ERROR","event":"mail_init_failed","host":"smtp.gmail.com","port":465,"secure":true,"user":"teqitcontact@gmail.com","error":"Invalid login: 535-5.7.8 Username and Password not accepted. For more information, go to\n535 5.7.8  https://support.google.com/mail/?p=BadCredentials d9443c01a7336-2b5fab208d4sm130863255ad.55 - gsmtp"}
{"timestamp":"2026-04-21T06:54:29.545Z","level":"INFO","event":"mail_init_verifying","host":"smtp.gmail.com","port":465,"secure":true,"user":"teqitcontact@gmail.com"}
{"timestamp":"2026-04-21T06:54:30.996Z","level":"ERROR","event":"mail_init_failed","host":"smtp.gmail.com","port":465,"secure":true,"user":"teqitcontact@gmail.com","error":"Invalid login: 535-5.7.8 Username and Password not accepted. For more information, go to\n535 5.7.8  https://support.google.com/mail/?p=BadCredentials 98e67ed59e1d1-36140fc593bsm15865814a91.1 - gsmtp"}
{"timestamp":"2026-04-21T07:09:49.634Z","level":"INFO","event":"mail_init_verifying","host":"smtp-relay.brevo.com","port":587,"secure":false,"user":"a852aa001@smtp-brevo.com"}
{"timestamp":"2026-04-21T07:09:50.101Z","level":"INFO","event":"mail_init_verified","host":"smtp-relay.brevo.com","port":587,"secure":false,"user":"a852aa001@smtp-brevo.com"}
