0 info it worked if it ends with ok
1 verbose cli [
1 verbose cli   'C:\\Program Files\\nodejs\\node.exe',
1 verbose cli   'C:\\Users\\CLOUD\\OneDrive - Cloud Desk Technology\\Documents\\GitHub\\pravin-on-cloud\\Revo365_Backend\\node_modules\\npm\\bin\\npm-cli.js',
1 verbose cli   'run',
1 verbose cli   'test'
1 verbose cli ]
2 info using npm@2.15.12
3 info using node@v20.12.1
4 verbose stack Error: Cannot find module 'is-property'
4 verbose stack Require stack:
4 verbose stack - C:\Users\CLOUD\OneDrive - Cloud Desk Technology\Documents\GitHub\pravin-on-cloud\Revo365_Backend\node_modules\npm\node_modules\request\node_modules\har-validator\node_modules\is-my-json-valid\node_modules\generate-object-property\index.js
4 verbose stack - C:\Users\CLOUD\OneDrive - Cloud Desk Technology\Documents\GitHub\pravin-on-cloud\Revo365_Backend\node_modules\npm\node_modules\request\node_modules\har-validator\node_modules\is-my-json-valid\index.js
4 verbose stack - C:\Users\CLOUD\OneDrive - Cloud Desk Technology\Documents\GitHub\pravin-on-cloud\Revo365_Backend\node_modules\npm\node_modules\request\node_modules\har-validator\lib\runner.js
4 verbose stack - C:\Users\CLOUD\OneDrive - Cloud Desk Technology\Documents\GitHub\pravin-on-cloud\Revo365_Backend\node_modules\npm\node_modules\request\node_modules\har-validator\lib\index.js
4 verbose stack - C:\Users\CLOUD\OneDrive - Cloud Desk Technology\Documents\GitHub\pravin-on-cloud\Revo365_Backend\node_modules\npm\node_modules\request\lib\har.js
4 verbose stack - C:\Users\CLOUD\OneDrive - Cloud Desk Technology\Documents\GitHub\pravin-on-cloud\Revo365_Backend\node_modules\npm\node_modules\request\request.js
4 verbose stack - C:\Users\CLOUD\OneDrive - Cloud Desk Technology\Documents\GitHub\pravin-on-cloud\Revo365_Backend\node_modules\npm\node_modules\request\index.js
4 verbose stack - C:\Users\CLOUD\OneDrive - Cloud Desk Technology\Documents\GitHub\pravin-on-cloud\Revo365_Backend\node_modules\npm\node_modules\npm-registry-client\lib\fetch.js
4 verbose stack - C:\Users\CLOUD\OneDrive - Cloud Desk Technology\Documents\GitHub\pravin-on-cloud\Revo365_Backend\node_modules\npm\node_modules\npm-registry-client\index.js
4 verbose stack - C:\Users\CLOUD\OneDrive - Cloud Desk Technology\Documents\GitHub\pravin-on-cloud\Revo365_Backend\node_modules\npm\lib\cache\caching-client.js
4 verbose stack - C:\Users\CLOUD\OneDrive - Cloud Desk Technology\Documents\GitHub\pravin-on-cloud\Revo365_Backend\node_modules\npm\lib\npm.js
4 verbose stack - C:\Users\CLOUD\OneDrive - Cloud Desk Technology\Documents\GitHub\pravin-on-cloud\Revo365_Backend\node_modules\npm\bin\npm-cli.js
4 verbose stack     at Module._resolveFilename (node:internal/modules/cjs/loader:1143:15)
4 verbose stack     at Module._load (node:internal/modules/cjs/loader:984:27)
4 verbose stack     at Module.require (node:internal/modules/cjs/loader:1231:19)
4 verbose stack     at require (node:internal/modules/helpers:179:18)
4 verbose stack     at Object.<anonymous> (C:\Users\CLOUD\OneDrive - Cloud Desk Technology\Documents\GitHub\pravin-on-cloud\Revo365_Backend\node_modules\npm\node_modules\request\node_modules\har-validator\node_modules\is-my-json-valid\node_modules\generate-object-property\index.js:1:18)
4 verbose stack     at Module._compile (node:internal/modules/cjs/loader:1369:14)
4 verbose stack     at Module._extensions..js (node:internal/modules/cjs/loader:1427:10)
4 verbose stack     at Module.load (node:internal/modules/cjs/loader:1206:32)
4 verbose stack     at Module._load (node:internal/modules/cjs/loader:1022:12)
4 verbose stack     at Module.require (node:internal/modules/cjs/loader:1231:19)
5 verbose cwd C:\Users\CLOUD\OneDrive - Cloud Desk Technology\Documents\GitHub\pravin-on-cloud\Revo365_Backend
6 error Windows_NT 10.0.19045
7 error argv "C:\\Program Files\\nodejs\\node.exe" "C:\\Users\\CLOUD\\OneDrive - Cloud Desk Technology\\Documents\\GitHub\\pravin-on-cloud\\Revo365_Backend\\node_modules\\npm\\bin\\npm-cli.js" "run" "test"
8 error node v20.12.1
9 error npm  v2.15.12
10 error code MODULE_NOT_FOUND
11 error Cannot find module 'is-property'
11 error Require stack:
11 error - C:\Users\CLOUD\OneDrive - Cloud Desk Technology\Documents\GitHub\pravin-on-cloud\Revo365_Backend\node_modules\npm\node_modules\request\node_modules\har-validator\node_modules\is-my-json-valid\node_modules\generate-object-property\index.js
11 error - C:\Users\CLOUD\OneDrive - Cloud Desk Technology\Documents\GitHub\pravin-on-cloud\Revo365_Backend\node_modules\npm\node_modules\request\node_modules\har-validator\node_modules\is-my-json-valid\index.js
11 error - C:\Users\CLOUD\OneDrive - Cloud Desk Technology\Documents\GitHub\pravin-on-cloud\Revo365_Backend\node_modules\npm\node_modules\request\node_modules\har-validator\lib\runner.js
11 error - C:\Users\CLOUD\OneDrive - Cloud Desk Technology\Documents\GitHub\pravin-on-cloud\Revo365_Backend\node_modules\npm\node_modules\request\node_modules\har-validator\lib\index.js
11 error - C:\Users\CLOUD\OneDrive - Cloud Desk Technology\Documents\GitHub\pravin-on-cloud\Revo365_Backend\node_modules\npm\node_modules\request\lib\har.js
11 error - C:\Users\CLOUD\OneDrive - Cloud Desk Technology\Documents\GitHub\pravin-on-cloud\Revo365_Backend\node_modules\npm\node_modules\request\request.js
11 error - C:\Users\CLOUD\OneDrive - Cloud Desk Technology\Documents\GitHub\pravin-on-cloud\Revo365_Backend\node_modules\npm\node_modules\request\index.js
11 error - C:\Users\CLOUD\OneDrive - Cloud Desk Technology\Documents\GitHub\pravin-on-cloud\Revo365_Backend\node_modules\npm\node_modules\npm-registry-client\lib\fetch.js
11 error - C:\Users\CLOUD\OneDrive - Cloud Desk Technology\Documents\GitHub\pravin-on-cloud\Revo365_Backend\node_modules\npm\node_modules\npm-registry-client\index.js
11 error - C:\Users\CLOUD\OneDrive - Cloud Desk Technology\Documents\GitHub\pravin-on-cloud\Revo365_Backend\node_modules\npm\lib\cache\caching-client.js
11 error - C:\Users\CLOUD\OneDrive - Cloud Desk Technology\Documents\GitHub\pravin-on-cloud\Revo365_Backend\node_modules\npm\lib\npm.js
11 error - C:\Users\CLOUD\OneDrive - Cloud Desk Technology\Documents\GitHub\pravin-on-cloud\Revo365_Backend\node_modules\npm\bin\npm-cli.js
12 error If you need help, you may report this error at:
12 error     <https://github.com/npm/npm/issues>
13 verbose exit [ 1, true ]
